

{
    "Person": {
        "All": {
            "label": {
                "Pre": "all of:"
            },
            "children": [
                {
                    "Leaf": "does the person walk?"
                },
                {
                    "Any": {
                        "label": {
                            "Pre": "any of:"
                        },
                        "children": [
                            {
                                "Leaf": "does the person eat?"
                            },
                            {
                                "Leaf": "does the person drink?"
                            }
                        ]
                    }
                }
            ]
        }
    }
}