

[
    {
        "Person": {
            "All": {
                "children": [
                    {
                        "Leaf": "does the person walk?"
                    },
                    {
                        "Any": {
                            "children": [
                                {
                                    "Leaf": "does the person eat?"
                                },
                                {
                                    "Leaf": "does the person drink?"
                                }
                            ],
                            "label": {
                                "Pre": "any of:"
                            }
                        }
                    }
                ],
                "label": {
                    "Pre": "all of:"
                }
            }
        }
    }
]