

nl4chi :: Object.Object (Item String)
nl4chi = Object.fromFoldable
  [ Tuple "Covered If …"
    ( Not
        ( All
            ( Pre "all of:" )
            [ Any
                ( Pre "那 个 损 失 或 损 害 的 原 因" )
                [ Leaf "些 啮 齿？"
                , Leaf "些 昆 虫？"
                , Leaf "蠹 虫？"
                , Leaf "些 鸟？"
                ]
            , Not
                ( Any
                    ( Pre "any of:" )
                    [ All
                        ( Pre "all of:" )
                        [ Leaf ""
                        , Leaf "损 失 或 损 害 是 被 些 鸟 的 原 因 的 吗？"
                        ]
                    , All
                        ( Pre "all of:" )
                        [ Leaf "损 失 或 损 害 是 保 户 [UseN] 接 着 的 吗？"
                        , Not
                            ( Any
                                ( Pre "any of:" )
                                [ Leaf "任 何 其 他 排 除 [UseV] [UseV] [UseV] [UseV] 吗？"
                                , Any
                                    ( Pre "" )
                                    [ Leaf "一 个 家 用 电 器？"
                                    , Leaf "一 个 游 泳 池？"
                                    , Leaf "管 路 系 统 或 暖 通 空 调？"
                                    ]
                                ]
                            )
                        ]
                    ]
                )
            ]
        )
    )
, Tuple "Not Covered If …"
    ( All
        ( Pre "all of:" )
        [ Any
            ( Pre "那 个 损 失 或 损 害 的 原 因" )
            [ Leaf "些 啮 齿？"
            , Leaf "些 昆 虫？"
            , Leaf "蠹 虫？"
            , Leaf "些 鸟？"
            ]
        , Not
            ( Any
                ( Pre "any of:" )
                [ All
                    ( Pre "all of:" )
                    [ Leaf ""
                    , Leaf "损 失 或 损 害 是 被 些 鸟 的 原 因 的 吗？"
                    ]
                , All
                    ( Pre "all of:" )
                    [ Leaf "损 失 或 损 害 是 保 户 [UseN] 接 着 的 吗？"
                    , Not
                        ( Any
                            ( Pre "any of:" )
                            [ Leaf "任 何 其 他 排 除 [UseV] [UseV] [UseV] [UseV] 吗？"
                            , Any
                                ( Pre "" )
                                [ Leaf "一 个 家 用 电 器？"
                                , Leaf "一 个 游 泳 池？"
                                , Leaf "管 路 系 统 或 暖 通 空 调？"
                                ]
                            ]
                        )
                    ]
                ]
            )
        ]
    )
]

nl4eng :: Object.Object (Item String)
nl4eng = Object.fromFoldable
  [ Tuple "Covered If …"
    ( Not
        ( All
            ( Pre "all of:" )
            [ Any
                ( Pre "Is the Loss or Damage caused by" )
                [ Leaf "rodents?"
                , Leaf "insects?"
                , Leaf "vermin?"
                , Leaf "birds?"
                ]
            , Not
                ( Any
                    ( Pre "any of:" )
                    [ All
                        ( Pre "all of:" )
                        [ Leaf "is Loss or Damage to contents?"
                        , Leaf "is Loss or Damage caused by birds?"
                        ]
                    , All
                        ( Pre "all of:" )
                        [ Leaf "is Loss or Damage ensuing covered loss?"
                        , Not
                            ( Any
                                ( Pre "any of:" )
                                [ Leaf "does any other exclusion apply?"
                                , Any
                                    ( Pre "did an animal cause water to escape from" )
                                    [ Leaf "a household appliance?"
                                    , Leaf "a swimming pool?"
                                    , Leaf "a plumbing, heating, or air conditioning system?"
                                    ]
                                ]
                            )
                        ]
                    ]
                )
            ]
        )
    )
, Tuple "Not Covered If …"
    ( All
        ( Pre "all of:" )
        [ Any
            ( Pre "Is the Loss or Damage caused by" )
            [ Leaf "rodents?"
            , Leaf "insects?"
            , Leaf "vermin?"
            , Leaf "birds?"
            ]
        , Not
            ( Any
                ( Pre "any of:" )
                [ All
                    ( Pre "all of:" )
                    [ Leaf "is Loss or Damage to contents?"
                    , Leaf "is Loss or Damage caused by birds?"
                    ]
                , All
                    ( Pre "all of:" )
                    [ Leaf "is Loss or Damage ensuing covered loss?"
                    , Not
                        ( Any
                            ( Pre "any of:" )
                            [ Leaf "does any other exclusion apply?"
                            , Any
                                ( Pre "did an animal cause water to escape from" )
                                [ Leaf "a household appliance?"
                                , Leaf "a swimming pool?"
                                , Leaf "a plumbing, heating, or air conditioning system?"
                                ]
                            ]
                        )
                    ]
                ]
            )
        ]
    )
]

nl4may :: Object.Object (Item String)
nl4may = Object.fromFoldable
  [ Tuple "Covered If …"
    ( Not
        ( All
            ( Pre "all of:" )
            [ Any
                ( Pre "Adakah Kerugian atau Kerosakan disebabkan oleh" )
                [ Leaf "rodensia-rodensia?"
                , Leaf "serangga-serangga?"
                , Leaf "binatang perosak?"
                , Leaf "burung-burung?"
                ]
            , Not
                ( Any
                    ( Pre "any of:" )
                    [ All
                        ( Pre "all of:" )
                        [ Leaf ""
                        , Leaf "adakah Kerugian atau Kerosakan disebabkan burung-burung?"
                        ]
                    , All
                        ( Pre "all of:" )
                        [ Leaf "adakah Kerugian atau Kerosakan berlaku akibat [UseN] yang dilindungi [UseN]?"
                        , Not
                            ( Any
                                ( Pre "any of:" )
                                [ Leaf "adakah sebarang pengecualian lain [UseV]?"
                                , Any
                                    ( Pre "" )
                                    [ Leaf "perkakas rumah?"
                                    , Leaf "kolam renang?"
                                    , Leaf "sistem paip atau HVAC?"
                                    ]
                                ]
                            )
                        ]
                    ]
                )
            ]
        )
    )
, Tuple "Not Covered If …"
    ( All
        ( Pre "all of:" )
        [ Any
            ( Pre "Adakah Kerugian atau Kerosakan disebabkan oleh" )
            [ Leaf "rodensia-rodensia?"
            , Leaf "serangga-serangga?"
            , Leaf "binatang perosak?"
            , Leaf "burung-burung?"
            ]
        , Not
            ( Any
                ( Pre "any of:" )
                [ All
                    ( Pre "all of:" )
                    [ Leaf ""
                    , Leaf "adakah Kerugian atau Kerosakan disebabkan burung-burung?"
                    ]
                , All
                    ( Pre "all of:" )
                    [ Leaf "adakah Kerugian atau Kerosakan berlaku akibat [UseN] yang dilindungi [UseN]?"
                    , Not
                        ( Any
                            ( Pre "any of:" )
                            [ Leaf "adakah sebarang pengecualian lain [UseV]?"
                            , Any
                                ( Pre "" )
                                [ Leaf "perkakas rumah?"
                                , Leaf "kolam renang?"
                                , Leaf "sistem paip atau HVAC?"
                                ]
                            ]
                        )
                    ]
                ]
            )
        ]
    )
]



allLang = ["nl4chi", "nl4eng", "nl4may"]