fromList
    [
        ( "o3b"
        , MathBin
            ( Just "o3b" ) Plus
            ( MathBin Nothing Times
                ( MathVar "o1" )
                ( Val Nothing 1.0e-2 )
            )
            ( MathBin Nothing Times
                ( MathVar "o2" )
                ( Val Nothing 7.0e-2 )
            )
        )
    ,
        ( "o3a_plus_times"
        , MathBin
            ( Just "o3a_plus_times" ) Plus
            ( MathBin Nothing Times
                ( MathVar "o1" )
                ( Val Nothing 1.0e-2 )
            )
            ( MathBin Nothing Times
                ( MathVar "o2" )
                ( Val Nothing 7.0e-2 )
            )
        )
    ,
        ( "o3c"
        , MathBin
            ( Just "o3c" ) Plus
            ( MathBin Nothing Times
                ( MathVar "o1" )
                ( Val Nothing 1.0e-2 )
            )
            ( MathBin Nothing Plus
                ( MathBin Nothing Times
                    ( MathVar "o2" )
                    ( Val Nothing 3.0e-2 )
                )
                ( MathBin Nothing Times
                    ( MathVar "o2" )
                    ( Val Nothing 4.0e-2 )
                )
            )
        )
    ,
        ( "o3a_times_plus"
        , MathBin
            ( Just "o3a_times_plus" ) Times
            ( MathBin Nothing Plus
                ( MathVar "o1" )
                ( Val Nothing 1.0e-2 )
            )
            ( MathBin Nothing Plus
                ( MathVar "o2" )
                ( Val Nothing 7.0e-2 )
            )
        )
    ]