Right
    [ ESeq
        { seq = SeqExp
            [ MkExp
                { exp = EIfThen
                    { condExp = MkExp
                        { exp = EIs
                            { isLeft = MkExp
                                { exp = EVar
                                    { var = MkVar "phaseOfMoon" }
                                , md =
                                    [ MkExpMetadata
                                        { srcPos = MkPosition
                                            { row = 1
                                            , col = 1
                                            }
                                        , typeLabel = Just
                                            ( FromUser
                                                ( L4Enum
                                                    [ "new"
                                                    , "waxing"
                                                    , "full"
                                                    , "gibbous"
                                                    ]
                                                )
                                            )
                                        , explnAnnot = Nothing
                                        }
                                    ]
                                }
                            , isRight = MkExp
                                { exp = ELit
                                    { lit = EENum "gibbous" }
                                , md = []
                                }
                            }
                        , md = []
                        }
                    , thenExp = MkExp
                        { exp = EVarSet
                            { vsetVar = MkExp
                                { exp = EVar
                                    { var = MkVar "taxesPayable" }
                                , md =
                                    [ MkExpMetadata
                                        { srcPos = MkPosition
                                            { row = 1
                                            , col = 1
                                            }
                                        , typeLabel = Just
                                            ( Inferred "Number" )
                                        , explnAnnot = Nothing
                                        }
                                    ]
                                }
                            , arg = MkExp
                                { exp = ENumOp
                                    { numOp = OpDiv
                                    , nopLeft = MkExp
                                        { exp = EVar
                                            { var = MkVar "taxesPayableAlive" }
                                        , md =
                                            [ MkExpMetadata
                                                { srcPos = MkPosition
                                                    { row = 1
                                                    , col = 1
                                                    }
                                                , typeLabel = Just
                                                    ( Inferred "Number" )
                                                , explnAnnot = Nothing
                                                }
                                            ]
                                        }
                                    , nopRight = MkExp
                                        { exp = ELit
                                            { lit = EInteger 2 }
                                        , md =
                                            [ MkExpMetadata
                                                { srcPos = MkPosition
                                                    { row = 1
                                                    , col = 1
                                                    }
                                                , typeLabel = Just
                                                    ( Inferred "Number" )
                                                , explnAnnot = Nothing
                                                }
                                            ]
                                        }
                                    }
                                , md =
                                    [ MkExpMetadata
                                        { srcPos = MkPosition
                                            { row = 1
                                            , col = 1
                                            }
                                        , typeLabel = Just
                                            ( Inferred "Number" )
                                        , explnAnnot = Nothing
                                        }
                                    ]
                                }
                            }
                        , md = []
                        }
                    }
                , md = []
                }
            , MkExp
                { exp = EIfThen
                    { condExp = MkExp
                        { exp = EVar
                            { var = MkVar "vivacity" }
                        , md =
                            [ MkExpMetadata
                                { srcPos = MkPosition
                                    { row = 1
                                    , col = 1
                                    }
                                , typeLabel = Just
                                    ( FromUser
                                        ( L4EntityType "Boolean" )
                                    )
                                , explnAnnot = Nothing
                                }
                            ]
                        }
                    , thenExp = MkExp
                        { exp = EVarSet
                            { vsetVar = MkExp
                                { exp = EVar
                                    { var = MkVar "taxesPayable" }
                                , md =
                                    [ MkExpMetadata
                                        { srcPos = MkPosition
                                            { row = 1
                                            , col = 1
                                            }
                                        , typeLabel = Nothing
                                        , explnAnnot = Nothing
                                        }
                                    ]
                                }
                            , arg = MkExp
                                { exp = EVar
                                    { var = MkVar "taxesPayableAlive" }
                                , md =
                                    [ MkExpMetadata
                                        { srcPos = MkPosition
                                            { row = 1
                                            , col = 1
                                            }
                                        , typeLabel = Nothing
                                        , explnAnnot = Nothing
                                        }
                                    ]
                                }
                            }
                        , md = []
                        }
                    }
                , md = []
                }
            , MkExp
                { exp = EIfThen
                    { condExp = MkExp
                        { exp = EIs
                            { isLeft = MkExp
                                { exp = EVar
                                    { var = MkVar "phaseOfMoon" }
                                , md =
                                    [ MkExpMetadata
                                        { srcPos = MkPosition
                                            { row = 1
                                            , col = 1
                                            }
                                        , typeLabel = Just
                                            ( FromUser
                                                ( L4Enum
                                                    [ "new"
                                                    , "waxing"
                                                    , "full"
                                                    , "gibbous"
                                                    ]
                                                )
                                            )
                                        , explnAnnot = Nothing
                                        }
                                    ]
                                }
                            , isRight = MkExp
                                { exp = ELit
                                    { lit = EENum "waxing" }
                                , md = []
                                }
                            }
                        , md = []
                        }
                    , thenExp = MkExp
                        { exp = EVarSet
                            { vsetVar = MkExp
                                { exp = EVar
                                    { var = MkVar "taxesPayable" }
                                , md =
                                    [ MkExpMetadata
                                        { srcPos = MkPosition
                                            { row = 1
                                            , col = 1
                                            }
                                        , typeLabel = Just
                                            ( Inferred "Number" )
                                        , explnAnnot = Nothing
                                        }
                                    ]
                                }
                            , arg = MkExp
                                { exp = ENumOp
                                    { numOp = OpDiv
                                    , nopLeft = MkExp
                                        { exp = EVar
                                            { var = MkVar "taxesPayableAlive" }
                                        , md =
                                            [ MkExpMetadata
                                                { srcPos = MkPosition
                                                    { row = 1
                                                    , col = 1
                                                    }
                                                , typeLabel = Nothing
                                                , explnAnnot = Nothing
                                                }
                                            ]
                                        }
                                    , nopRight = MkExp
                                        { exp = ELit
                                            { lit = EInteger 3 }
                                        , md = []
                                        }
                                    }
                                , md =
                                    [ MkExpMetadata
                                        { srcPos = MkPosition
                                            { row = 1
                                            , col = 1
                                            }
                                        , typeLabel = Just
                                            ( Inferred "Number" )
                                        , explnAnnot = Nothing
                                        }
                                    ]
                                }
                            }
                        , md = []
                        }
                    }
                , md = []
                }
            , MkExp
                { exp = EIfThen
                    { condExp = MkExp
                        { exp = EIs
                            { isLeft = MkExp
                                { exp = EVar
                                    { var = MkVar "phaseOfMoon" }
                                , md =
                                    [ MkExpMetadata
                                        { srcPos = MkPosition
                                            { row = 1
                                            , col = 1
                                            }
                                        , typeLabel = Just
                                            ( FromUser
                                                ( L4Enum
                                                    [ "new"
                                                    , "waxing"
                                                    , "full"
                                                    , "gibbous"
                                                    ]
                                                )
                                            )
                                        , explnAnnot = Nothing
                                        }
                                    ]
                                }
                            , isRight = MkExp
                                { exp = ELit
                                    { lit = EENum "full" }
                                , md = []
                                }
                            }
                        , md = []
                        }
                    , thenExp = MkExp
                        { exp = EVarSet
                            { vsetVar = MkExp
                                { exp = EVar
                                    { var = MkVar "taxesPayable" }
                                , md =
                                    [ MkExpMetadata
                                        { srcPos = MkPosition
                                            { row = 1
                                            , col = 1
                                            }
                                        , typeLabel = Nothing
                                        , explnAnnot = Nothing
                                        }
                                    ]
                                }
                            , arg = MkExp
                                { exp = EVar
                                    { var = MkVar "waived" }
                                , md =
                                    [ MkExpMetadata
                                        { srcPos = MkPosition
                                            { row = 1
                                            , col = 1
                                            }
                                        , typeLabel = Nothing
                                        , explnAnnot = Nothing
                                        }
                                    ]
                                }
                            }
                        , md = []
                        }
                    }
                , md = []
                }
            , MkExp
                { exp = EIfThen
                    { condExp = MkExp
                        { exp = ELit { lit = EBoolTrue }
                        , md =
                            [ MkExpMetadata
                                { srcPos = MkPosition
                                    { row = 1
                                    , col = 1
                                    }
                                , typeLabel = Just
                                    ( Inferred "Bool" )
                                , explnAnnot = Nothing
                                }
                            ]
                        }
                    , thenExp = MkExp
                        { exp = EVarSet
                            { vsetVar = MkExp
                                { exp = EVar
                                    { var = MkVar "taxesPayable" }
                                , md =
                                    [ MkExpMetadata
                                        { srcPos = MkPosition
                                            { row = 1
                                            , col = 1
                                            }
                                        , typeLabel = Just
                                            ( Inferred "Number" )
                                        , explnAnnot = Nothing
                                        }
                                    ]
                                }
                            , arg = MkExp
                                { exp = ELit
                                    { lit = EInteger 0 }
                                , md =
                                    [ MkExpMetadata
                                        { srcPos = MkPosition
                                            { row = 1
                                            , col = 1
                                            }
                                        , typeLabel = Just
                                            ( Inferred "Number" )
                                        , explnAnnot = Nothing
                                        }
                                    ]
                                }
                            }
                        , md = []
                        }
                    }
                , md = []
                }
            , MkExp
                { exp = EVarSet
                    { vsetVar = MkExp
                        { exp = EVar
                            { var = MkVar "taxesPayableAlive" }
                        , md =
                            [ MkExpMetadata
                                { srcPos = MkPosition
                                    { row = 1
                                    , col = 1
                                    }
                                , typeLabel = Just
                                    ( Inferred "Number" )
                                , explnAnnot = Nothing
                                }
                            ]
                        }
                    , arg = MkExp
                        { exp = ENumOp
                            { numOp = OpPlus
                            , nopLeft = MkExp
                                { exp = EVar
                                    { var = MkVar "income tax component" }
                                , md =
                                    [ MkExpMetadata
                                        { srcPos = MkPosition
                                            { row = 1
                                            , col = 1
                                            }
                                        , typeLabel = Just
                                            ( Inferred "Number" )
                                        , explnAnnot = Nothing
                                        }
                                    ]
                                }
                            , nopRight = MkExp
                                { exp = EVar
                                    { var = MkVar "asset tax component" }
                                , md =
                                    [ MkExpMetadata
                                        { srcPos = MkPosition
                                            { row = 1
                                            , col = 1
                                            }
                                        , typeLabel = Just
                                            ( Inferred "Number" )
                                        , explnAnnot = Nothing
                                        }
                                    ]
                                }
                            }
                        , md =
                            [ MkExpMetadata
                                { srcPos = MkPosition
                                    { row = 1
                                    , col = 1
                                    }
                                , typeLabel = Just
                                    ( Inferred "Number" )
                                , explnAnnot = Nothing
                                }
                            ]
                        }
                    }
                , md = []
                }
            , MkExp
                { exp = EVarSet
                    { vsetVar = MkExp
                        { exp = EVar
                            { var = MkVar "income tax component" }
                        , md =
                            [ MkExpMetadata
                                { srcPos = MkPosition
                                    { row = 1
                                    , col = 1
                                    }
                                , typeLabel = Just
                                    ( Inferred "Number" )
                                , explnAnnot = Nothing
                                }
                            ]
                        }
                    , arg = MkExp
                        { exp = ENumOp
                            { numOp = OpMul
                            , nopLeft = MkExp
                                { exp = EVar
                                    { var = MkVar "annualIncome" }
                                , md =
                                    [ MkExpMetadata
                                        { srcPos = MkPosition
                                            { row = 1
                                            , col = 1
                                            }
                                        , typeLabel = Just
                                            ( FromUser
                                                ( L4EntityType "Number" )
                                            )
                                        , explnAnnot = Nothing
                                        }
                                    ]
                                }
                            , nopRight = MkExp
                                { exp = EVar
                                    { var = MkVar "incomeTaxRate" }
                                , md =
                                    [ MkExpMetadata
                                        { srcPos = MkPosition
                                            { row = 1
                                            , col = 1
                                            }
                                        , typeLabel = Just
                                            ( Inferred "Number" )
                                        , explnAnnot = Nothing
                                        }
                                    ]
                                }
                            }
                        , md =
                            [ MkExpMetadata
                                { srcPos = MkPosition
                                    { row = 1
                                    , col = 1
                                    }
                                , typeLabel = Just
                                    ( Inferred "Number" )
                                , explnAnnot = Nothing
                                }
                            ]
                        }
                    }
                , md = []
                }
            , MkExp
                { exp = EVarSet
                    { vsetVar = MkExp
                        { exp = EVar
                            { var = MkVar "asset tax component" }
                        , md =
                            [ MkExpMetadata
                                { srcPos = MkPosition
                                    { row = 1
                                    , col = 1
                                    }
                                , typeLabel = Just
                                    ( Inferred "Number" )
                                , explnAnnot = Nothing
                                }
                            ]
                        }
                    , arg = MkExp
                        { exp = ENumOp
                            { numOp = OpMul
                            , nopLeft = MkExp
                                { exp = EVar
                                    { var = MkVar "netWorth" }
                                , md =
                                    [ MkExpMetadata
                                        { srcPos = MkPosition
                                            { row = 1
                                            , col = 1
                                            }
                                        , typeLabel = Just
                                            ( FromUser
                                                ( L4EntityType "Number" )
                                            )
                                        , explnAnnot = Nothing
                                        }
                                    ]
                                }
                            , nopRight = MkExp
                                { exp = EVar
                                    { var = MkVar "assetTaxRate" }
                                , md =
                                    [ MkExpMetadata
                                        { srcPos = MkPosition
                                            { row = 1
                                            , col = 1
                                            }
                                        , typeLabel = Just
                                            ( Inferred "Number" )
                                        , explnAnnot = Nothing
                                        }
                                    ]
                                }
                            }
                        , md =
                            [ MkExpMetadata
                                { srcPos = MkPosition
                                    { row = 1
                                    , col = 1
                                    }
                                , typeLabel = Just
                                    ( Inferred "Number" )
                                , explnAnnot = Nothing
                                }
                            ]
                        }
                    }
                , md = []
                }
            , MkExp
                { exp = EVarSet
                    { vsetVar = MkExp
                        { exp = EVar
                            { var = MkVar "incomeTaxRate" }
                        , md =
                            [ MkExpMetadata
                                { srcPos = MkPosition
                                    { row = 1
                                    , col = 1
                                    }
                                , typeLabel = Just
                                    ( Inferred "Number" )
                                , explnAnnot = Nothing
                                }
                            ]
                        }
                    , arg = MkExp
                        { exp = ELit
                            { lit = EFloat 1.0e-2 }
                        , md =
                            [ MkExpMetadata
                                { srcPos = MkPosition
                                    { row = 1
                                    , col = 1
                                    }
                                , typeLabel = Just
                                    ( Inferred "Number" )
                                , explnAnnot = Nothing
                                }
                            ]
                        }
                    }
                , md = []
                }
            , MkExp
                { exp = EVarSet
                    { vsetVar = MkExp
                        { exp = EVar
                            { var = MkVar "assetTaxRate" }
                        , md =
                            [ MkExpMetadata
                                { srcPos = MkPosition
                                    { row = 1
                                    , col = 1
                                    }
                                , typeLabel = Just
                                    ( Inferred "Number" )
                                , explnAnnot = Nothing
                                }
                            ]
                        }
                    , arg = MkExp
                        { exp = ELit
                            { lit = EFloat 7.0e-2 }
                        , md =
                            [ MkExpMetadata
                                { srcPos = MkPosition
                                    { row = 1
                                    , col = 1
                                    }
                                , typeLabel = Just
                                    ( Inferred "Number" )
                                , explnAnnot = Nothing
                                }
                            ]
                        }
                    }
                , md = []
                }
            ]
        }
    ]