Right
    [ ESeq
        { seq = SeqExp
            [ MkExp
                { exp = EVarSet
                    { vsetVar = MkExp
                        { exp = EVar
                            { var = MkVar "listSum" }
                        , md =
                            [ MkExpMetadata
                                { srcPos = MkPosition
                                    { row = 1
                                    , col = 1
                                    }
                                , typeLabel = Just
                                    ( Inferred "Number" )
                                , explnAnnot = Nothing
                                }
                            ]
                        }
                    , arg = MkExp
                        { exp = ENumOp
                            { numOp = OpPlus
                            , nopLeft = MkExp
                                { exp = EVar
                                    { var = MkVar "singleThing" }
                                , md =
                                    [ MkExpMetadata
                                        { srcPos = MkPosition
                                            { row = 1
                                            , col = 1
                                            }
                                        , typeLabel = Just
                                            ( FromUser
                                                ( L4EntityType "Number" )
                                            )
                                        , explnAnnot = Nothing
                                        }
                                    ]
                                }
                            , nopRight = MkExp
                                { exp = EVar
                                    { var = MkVar "listThing" }
                                , md =
                                    [ MkExpMetadata
                                        { srcPos = MkPosition
                                            { row = 1
                                            , col = 1
                                            }
                                        , typeLabel = Just
                                            ( FromUser
                                                ( L4List
                                                    ( L4EntityType "Number" )
                                                )
                                            )
                                        , explnAnnot = Nothing
                                        }
                                    ]
                                }
                            }
                        , md =
                            [ MkExpMetadata
                                { srcPos = MkPosition
                                    { row = 1
                                    , col = 1
                                    }
                                , typeLabel = Just
                                    ( Inferred "Number" )
                                , explnAnnot = Nothing
                                }
                            ]
                        }
                    }
                , md = []
                }
            , MkExp
                { exp = EVarSet
                    { vsetVar = MkExp
                        { exp = EVar
                            { var = MkVar "listThing" }
                        , md =
                            [ MkExpMetadata
                                { srcPos = MkPosition
                                    { row = 1
                                    , col = 1
                                    }
                                , typeLabel = Just
                                    ( FromUser
                                        ( L4List
                                            ( L4EntityType "Number" )
                                        )
                                    )
                                , explnAnnot = Nothing
                                }
                            ]
                        }
                    , arg = MkExp
                        { exp = ESeq
                            { seq = SeqExp
                                [ MkExp
                                    { exp = ELit
                                        { lit = EInteger 1 }
                                    , md = []
                                    }
                                , MkExp
                                    { exp = ELit
                                        { lit = EInteger 2 }
                                    , md = []
                                    }
                                , MkExp
                                    { exp = ELit
                                        { lit = EInteger 3 }
                                    , md = []
                                    }
                                ]
                            }
                        , md =
                            [ MkExpMetadata
                                { srcPos = MkPosition
                                    { row = 1
                                    , col = 1
                                    }
                                , typeLabel = Just
                                    ( FromUser
                                        ( L4List
                                            ( L4EntityType "Number" )
                                        )
                                    )
                                , explnAnnot = Nothing
                                }
                            ]
                        }
                    }
                , md = []
                }
            , MkExp
                { exp = EVarSet
                    { vsetVar = MkExp
                        { exp = EVar
                            { var = MkVar "singleThing" }
                        , md =
                            [ MkExpMetadata
                                { srcPos = MkPosition
                                    { row = 1
                                    , col = 1
                                    }
                                , typeLabel = Just
                                    ( FromUser
                                        ( L4EntityType "Number" )
                                    )
                                , explnAnnot = Nothing
                                }
                            ]
                        }
                    , arg = MkExp
                        { exp = ELit
                            { lit = EInteger 10 }
                        , md =
                            [ MkExpMetadata
                                { srcPos = MkPosition
                                    { row = 1
                                    , col = 1
                                    }
                                , typeLabel = Just
                                    ( FromUser
                                        ( L4EntityType "Number" )
                                    )
                                , explnAnnot = Nothing
                                }
                            ]
                        }
                    }
                , md = []
                }
            ]
        }
    ]