(
    [ MathSet "Answer"
        ( MathVar "ind.friend.age discounted by foo.bar.baz" )
    ]
, MyState
    { symtabF = fromList
        [
            ( "ind.friend.age discounted by foo.bar.baz"
            , MathBin
                ( Just "ind.friend.age discounted by foo.bar.baz" ) Times
                ( MathVar "ind.friend.age" )
                ( MathBin Nothing Minus
                    ( Val Nothing 1.0 )
                    ( MathVar "foo.bar.baz" )
                )
            )
        ,
            ( "Answer"
            , MathVar "ind.friend.age discounted by foo.bar.baz"
            )
        ]
    , symtabP = fromList []
    , symtabL = fromList []
    , symtabS = fromList []
    }
)