Right
    ( MkLCProgram
        { lcProgram =
            [ MkExp
                { exp = EVarSet
                    { vsetVar = MkExp
                        { exp = EVar
                            { var = MkVar "PAU0" }
                        , md =
                            [ MkExpMetadata
                                { srcPos = MkPosition
                                    { row = 0
                                    , col = 0
                                    }
                                , typeLabel = Nothing
                                , explnAnnot = Nothing
                                }
                            ]
                        }
                    , arg = MkExp
                        { exp = ESeq
                            { seq = SeqExp
                                [ MkExp
                                    { exp = EIfThen
                                        { condExp = MkExp
                                            { exp = EIs
                                                { isLeft = MkExp
                                                    { exp = ERec
                                                        { fieldName = MkExp
                                                            { exp = EVar
                                                                { var = MkVar "accident_claim" }
                                                            , md =
                                                                [ MkExpMetadata
                                                                    { srcPos = MkPosition
                                                                        { row = 4
                                                                        , col = 52
                                                                        }
                                                                    , typeLabel = Nothing
                                                                    , explnAnnot = Nothing
                                                                    }
                                                                ]
                                                            }
                                                        , recName = MkExp
                                                            { exp = EVar
                                                                { var = MkVar "user input" }
                                                            , md =
                                                                [ MkExpMetadata
                                                                    { srcPos = MkPosition
                                                                        { row = 4
                                                                        , col = 52
                                                                        }
                                                                    , typeLabel = Just
                                                                        ( FromUser
                                                                            ( L4EntityType "Dictionary" )
                                                                        )
                                                                    , explnAnnot = Nothing
                                                                    }
                                                                ]
                                                            }
                                                        }
                                                    , md =
                                                        [ MkExpMetadata
                                                            { srcPos = MkPosition
                                                                { row = 4
                                                                , col = 52
                                                                }
                                                            , typeLabel = Nothing
                                                            , explnAnnot = Nothing
                                                            }
                                                        ]
                                                    }
                                                , isRight = MkExp
                                                    { exp = EVar
                                                        { var = MkVar "selected" }
                                                    , md =
                                                        [ MkExpMetadata
                                                            { srcPos = MkPosition
                                                                { row = 4
                                                                , col = 52
                                                                }
                                                            , typeLabel = Nothing
                                                            , explnAnnot = Nothing
                                                            }
                                                        ]
                                                    }
                                                }
                                            , md = []
                                            }
                                        , thenExp = MkExp
                                            { exp = EVarSet
                                                { vsetVar = MkExp
                                                    { exp = EVar
                                                        { var = MkVar "The Answer" }
                                                    , md =
                                                        [ MkExpMetadata
                                                            { srcPos = MkPosition
                                                                { row = 4
                                                                , col = 52
                                                                }
                                                            , typeLabel = Nothing
                                                            , explnAnnot = Nothing
                                                            }
                                                        ]
                                                    }
                                                , arg = MkExp
                                                    { exp = EVar
                                                        { var = MkVar "accident branch" }
                                                    , md =
                                                        [ MkExpMetadata
                                                            { srcPos = MkPosition
                                                                { row = 4
                                                                , col = 52
                                                                }
                                                            , typeLabel = Nothing
                                                            , explnAnnot = Nothing
                                                            }
                                                        ]
                                                    }
                                                }
                                            , md = []
                                            }
                                        }
                                    , md = []
                                    }
                                , MkExp
                                    { exp = EIfThen
                                        { condExp = MkExp
                                            { exp = ELit { lit = EBoolTrue }
                                            , md =
                                                [ MkExpMetadata
                                                    { srcPos = MkPosition
                                                        { row = 4
                                                        , col = 52
                                                        }
                                                    , typeLabel = Just
                                                        ( Inferred "Bool" )
                                                    , explnAnnot = Nothing
                                                    }
                                                ]
                                            }
                                        , thenExp = MkExp
                                            { exp = EVarSet
                                                { vsetVar = MkExp
                                                    { exp = EVar
                                                        { var = MkVar "The Answer" }
                                                    , md =
                                                        [ MkExpMetadata
                                                            { srcPos = MkPosition
                                                                { row = 4
                                                                , col = 52
                                                                }
                                                            , typeLabel = Nothing
                                                            , explnAnnot = Nothing
                                                            }
                                                        ]
                                                    }
                                                , arg = MkExp
                                                    { exp = EVar
                                                        { var = MkVar "illness branch" }
                                                    , md =
                                                        [ MkExpMetadata
                                                            { srcPos = MkPosition
                                                                { row = 4
                                                                , col = 52
                                                                }
                                                            , typeLabel = Nothing
                                                            , explnAnnot = Nothing
                                                            }
                                                        ]
                                                    }
                                                }
                                            , md = []
                                            }
                                        }
                                    , md = []
                                    }
                                ]
                            }
                        , md = []
                        }
                    }
                , md = []
                }
            , MkExp
                { exp = EVarSet
                    { vsetVar = MkExp
                        { exp = EVar
                            { var = MkVar "PAU4" }
                        , md =
                            [ MkExpMetadata
                                { srcPos = MkPosition
                                    { row = 0
                                    , col = 0
                                    }
                                , typeLabel = Nothing
                                , explnAnnot = Nothing
                                }
                            ]
                        }
                    , arg = MkExp
                        { exp = ESeq
                            { seq = SeqExp
                                [ MkExp
                                    { exp = EIfThen
                                        { condExp = MkExp
                                            { exp = EVar
                                                { var = MkVar "there were past ADD payouts" }
                                            , md =
                                                [ MkExpMetadata
                                                    { srcPos = MkPosition
                                                        { row = 4
                                                        , col = 89
                                                        }
                                                    , typeLabel = Nothing
                                                    , explnAnnot = Nothing
                                                    }
                                                ]
                                            }
                                        , thenExp = MkExp
                                            { exp = EVarSet
                                                { vsetVar = MkExp
                                                    { exp = EVar
                                                        { var = MkVar "Step 1" }
                                                    , md =
                                                        [ MkExpMetadata
                                                            { srcPos = MkPosition
                                                                { row = 4
                                                                , col = 89
                                                                }
                                                            , typeLabel = Nothing
                                                            , explnAnnot = Nothing
                                                            }
                                                        ]
                                                    }
                                                , arg = MkExp
                                                    { exp = EVar
                                                        { var = MkVar "claimable limited base ADD benefit" }
                                                    , md =
                                                        [ MkExpMetadata
                                                            { srcPos = MkPosition
                                                                { row = 4
                                                                , col = 89
                                                                }
                                                            , typeLabel = Nothing
                                                            , explnAnnot = Nothing
                                                            }
                                                        ]
                                                    }
                                                }
                                            , md = []
                                            }
                                        }
                                    , md = []
                                    }
                                , MkExp
                                    { exp = EIfThen
                                        { condExp = MkExp
                                            { exp = ELit { lit = EBoolTrue }
                                            , md =
                                                [ MkExpMetadata
                                                    { srcPos = MkPosition
                                                        { row = 4
                                                        , col = 89
                                                        }
                                                    , typeLabel = Just
                                                        ( Inferred "Bool" )
                                                    , explnAnnot = Nothing
                                                    }
                                                ]
                                            }
                                        , thenExp = MkExp
                                            { exp = EVarSet
                                                { vsetVar = MkExp
                                                    { exp = EVar
                                                        { var = MkVar "Step 1" }
                                                    , md =
                                                        [ MkExpMetadata
                                                            { srcPos = MkPosition
                                                                { row = 4
                                                                , col = 89
                                                                }
                                                            , typeLabel = Nothing
                                                            , explnAnnot = Nothing
                                                            }
                                                        ]
                                                    }
                                                , arg = MkExp
                                                    { exp = EVar
                                                        { var = MkVar "base ADD benefit" }
                                                    , md =
                                                        [ MkExpMetadata
                                                            { srcPos = MkPosition
                                                                { row = 4
                                                                , col = 89
                                                                }
                                                            , typeLabel = Nothing
                                                            , explnAnnot = Nothing
                                                            }
                                                        ]
                                                    }
                                                }
                                            , md = []
                                            }
                                        }
                                    , md = []
                                    }
                                , MkExp
                                    { exp = EIfThen
                                        { condExp = MkExp
                                            { exp = ERec
                                                { fieldName = MkExp
                                                    { exp = EVar
                                                        { var = MkVar "juvenile limit applies" }
                                                    , md =
                                                        [ MkExpMetadata
                                                            { srcPos = MkPosition
                                                                { row = 4
                                                                , col = 89
                                                                }
                                                            , typeLabel = Nothing
                                                            , explnAnnot = Nothing
                                                            }
                                                        ]
                                                    }
                                                , recName = MkExp
                                                    { exp = EVar
                                                        { var = MkVar "accident" }
                                                    , md =
                                                        [ MkExpMetadata
                                                            { srcPos = MkPosition
                                                                { row = 4
                                                                , col = 89
                                                                }
                                                            , typeLabel = Just
                                                                ( FromUser
                                                                    ( L4EntityType "Accident" )
                                                                )
                                                            , explnAnnot = Nothing
                                                            }
                                                        ]
                                                    }
                                                }
                                            , md = []
                                            }
                                        , thenExp = MkExp
                                            { exp = EVarSet
                                                { vsetVar = MkExp
                                                    { exp = EVar
                                                        { var = MkVar "Step 2" }
                                                    , md =
                                                        [ MkExpMetadata
                                                            { srcPos = MkPosition
                                                                { row = 4
                                                                , col = 89
                                                                }
                                                            , typeLabel = Nothing
                                                            , explnAnnot = Nothing
                                                            }
                                                        ]
                                                    }
                                                , arg = MkExp
                                                    { exp = EVar
                                                        { var = MkVar "juvenile limited" }
                                                    , md =
                                                        [ MkExpMetadata
                                                            { srcPos = MkPosition
                                                                { row = 4
                                                                , col = 89
                                                                }
                                                            , typeLabel = Nothing
                                                            , explnAnnot = Nothing
                                                            }
                                                        ]
                                                    }
                                                }
                                            , md = []
                                            }
                                        }
                                    , md = []
                                    }
                                , MkExp
                                    { exp = EIfThen
                                        { condExp = MkExp
                                            { exp = ELit { lit = EBoolTrue }
                                            , md =
                                                [ MkExpMetadata
                                                    { srcPos = MkPosition
                                                        { row = 4
                                                        , col = 89
                                                        }
                                                    , typeLabel = Just
                                                        ( Inferred "Bool" )
                                                    , explnAnnot = Nothing
                                                    }
                                                ]
                                            }
                                        , thenExp = MkExp
                                            { exp = EVarSet
                                                { vsetVar = MkExp
                                                    { exp = EVar
                                                        { var = MkVar "Step 2" }
                                                    , md =
                                                        [ MkExpMetadata
                                                            { srcPos = MkPosition
                                                                { row = 4
                                                                , col = 89
                                                                }
                                                            , typeLabel = Nothing
                                                            , explnAnnot = Nothing
                                                            }
                                                        ]
                                                    }
                                                , arg = MkExp
                                                    { exp = EVar
                                                        { var = MkVar "Step 1" }
                                                    , md =
                                                        [ MkExpMetadata
                                                            { srcPos = MkPosition
                                                                { row = 4
                                                                , col = 89
                                                                }
                                                            , typeLabel = Nothing
                                                            , explnAnnot = Nothing
                                                            }
                                                        ]
                                                    }
                                                }
                                            , md = []
                                            }
                                        }
                                    , md = []
                                    }
                                , MkExp
                                    { exp = EVarSet
                                        { vsetVar = MkExp
                                            { exp = EVar
                                                { var = MkVar "Step 3" }
                                            , md =
                                                [ MkExpMetadata
                                                    { srcPos = MkPosition
                                                        { row = 4
                                                        , col = 89
                                                        }
                                                    , typeLabel = Nothing
                                                    , explnAnnot = Nothing
                                                    }
                                                ]
                                            }
                                        , arg = MkExp
                                            { exp = EVar
                                                { var = MkVar "multiplied by double triple benefit" }
                                            , md =
                                                [ MkExpMetadata
                                                    { srcPos = MkPosition
                                                        { row = 4
                                                        , col = 89
                                                        }
                                                    , typeLabel = Nothing
                                                    , explnAnnot = Nothing
                                                    }
                                                ]
                                            }
                                        }
                                    , md = []
                                    }
                                , MkExp
                                    { exp = EVarSet
                                        { vsetVar = MkExp
                                            { exp = EVar
                                                { var = MkVar "Step 4" }
                                            , md = []
                                            }
                                        , arg = MkExp
                                            { exp = EApp
                                                { func = MkExp
                                                    { exp = EApp
                                                        { func = MkExp
                                                            { exp = EVar
                                                                { var = MkVar "discounted by" }
                                                            , md =
                                                                [ MkExpMetadata
                                                                    { srcPos = MkPosition
                                                                        { row = 4
                                                                        , col = 89
                                                                        }
                                                                    , typeLabel = Nothing
                                                                    , explnAnnot = Nothing
                                                                    }
                                                                ]
                                                            }
                                                        , appArg = MkExp
                                                            { exp = EVar
                                                                { var = MkVar "Step 3" }
                                                            , md =
                                                                [ MkExpMetadata
                                                                    { srcPos = MkPosition
                                                                        { row = 4
                                                                        , col = 89
                                                                        }
                                                                    , typeLabel = Nothing
                                                                    , explnAnnot = Nothing
                                                                    }
                                                                ]
                                                            }
                                                        }
                                                    , md = []
                                                    }
                                                , appArg = MkExp
                                                    { exp = ERec
                                                        { fieldName = MkExp
                                                            { exp = EVar
                                                                { var = MkVar "risk percentage" }
                                                            , md =
                                                                [ MkExpMetadata
                                                                    { srcPos = MkPosition
                                                                        { row = 4
                                                                        , col = 89
                                                                        }
                                                                    , typeLabel = Nothing
                                                                    , explnAnnot = Nothing
                                                                    }
                                                                ]
                                                            }
                                                        , recName = MkExp
                                                            { exp = EVar
                                                                { var = MkVar "accident" }
                                                            , md =
                                                                [ MkExpMetadata
                                                                    { srcPos = MkPosition
                                                                        { row = 4
                                                                        , col = 89
                                                                        }
                                                                    , typeLabel = Just
                                                                        ( FromUser
                                                                            ( L4EntityType "Accident" )
                                                                        )
                                                                    , explnAnnot = Nothing
                                                                    }
                                                                ]
                                                            }
                                                        }
                                                    , md = []
                                                    }
                                                }
                                            , md = []
                                            }
                                        }
                                    , md = []
                                    }
                                ]
                            }
                        , md = []
                        }
                    }
                , md = []
                }
            , MkExp
                { exp = EVarSet
                    { vsetVar = MkExp
                        { exp = EVar
                            { var = MkVar "Top-Level" }
                        , md =
                            [ MkExpMetadata
                                { srcPos = MkPosition
                                    { row = 0
                                    , col = 0
                                    }
                                , typeLabel = Nothing
                                , explnAnnot = Nothing
                                }
                            ]
                        }
                    , arg = MkExp
                        { exp = EVarSet
                            { vsetVar = MkExp
                                { exp = EVar
                                    { var = MkVar "How Much Money Do You Get" }
                                , md =
                                    [ MkExpMetadata
                                        { srcPos = MkPosition
                                            { row = 4
                                            , col = 112
                                            }
                                        , typeLabel = Nothing
                                        , explnAnnot = Nothing
                                        }
                                    ]
                                }
                            , arg = MkExp
                                { exp = EVar
                                    { var = MkVar "PAU0" }
                                , md =
                                    [ MkExpMetadata
                                        { srcPos = MkPosition
                                            { row = 4
                                            , col = 112
                                            }
                                        , typeLabel = Nothing
                                        , explnAnnot = Nothing
                                        }
                                    ]
                                }
                            }
                        , md = []
                        }
                    }
                , md = []
                }
            , MkExp
                { exp = EVarSet
                    { vsetVar = MkExp
                        { exp = EVar
                            { var = MkVar "subsidiary computations" }
                        , md =
                            [ MkExpMetadata
                                { srcPos = MkPosition
                                    { row = 0
                                    , col = 0
                                    }
                                , typeLabel = Nothing
                                , explnAnnot = Nothing
                                }
                            ]
                        }
                    , arg = MkExp
                        { exp = EVarSet
                            { vsetVar = MkExp
                                { exp = EVar
                                    { var = MkVar "claimable limit" }
                                , md =
                                    [ MkExpMetadata
                                        { srcPos = MkPosition
                                            { row = 4
                                            , col = 124
                                            }
                                        , typeLabel = Just
                                            ( Inferred "Number" )
                                        , explnAnnot = Nothing
                                        }
                                    ]
                                }
                            , arg = MkExp
                                { exp = ENumOp
                                    { numOp = OpMinOf
                                    , nopLeft = MkExp
                                        { exp = ENumOp
                                            { numOp = OpMul
                                            , nopLeft = MkExp
                                                { exp = ELit
                                                    { lit = EFloat 1.5 }
                                                , md =
                                                    [ MkExpMetadata
                                                        { srcPos = MkPosition
                                                            { row = 4
                                                            , col = 124
                                                            }
                                                        , typeLabel = Just
                                                            ( Inferred "Number" )
                                                        , explnAnnot = Nothing
                                                        }
                                                    ]
                                                }
                                            , nopRight = MkExp
                                                { exp = EVar
                                                    { var = MkVar "total sum assured" }
                                                , md =
                                                    [ MkExpMetadata
                                                        { srcPos = MkPosition
                                                            { row = 4
                                                            , col = 124
                                                            }
                                                        , typeLabel = Just
                                                            ( FromUser
                                                                ( L4EntityType "Number" )
                                                            )
                                                        , explnAnnot = Nothing
                                                        }
                                                    ]
                                                }
                                            }
                                        , md =
                                            [ MkExpMetadata
                                                { srcPos = MkPosition
                                                    { row = 4
                                                    , col = 124
                                                    }
                                                , typeLabel = Just
                                                    ( Inferred "Number" )
                                                , explnAnnot = Nothing
                                                }
                                            ]
                                        }
                                    , nopRight = MkExp
                                        { exp = EVar
                                            { var = MkVar "lifetime claimable limit" }
                                        , md =
                                            [ MkExpMetadata
                                                { srcPos = MkPosition
                                                    { row = 4
                                                    , col = 124
                                                    }
                                                , typeLabel = Just
                                                    ( Inferred "Number" )
                                                , explnAnnot = Nothing
                                                }
                                            ]
                                        }
                                    }
                                , md =
                                    [ MkExpMetadata
                                        { srcPos = MkPosition
                                            { row = 4
                                            , col = 124
                                            }
                                        , typeLabel = Just
                                            ( Inferred "Number" )
                                        , explnAnnot = Nothing
                                        }
                                    ]
                                }
                            }
                        , md = []
                        }
                    }
                , md = []
                }
            , MkExp
                { exp = ESeq
                    { seq = SeqExp
                        [ MkExp
                            { exp = EVarSet
                                { vsetVar = MkExp
                                    { exp = EVar
                                        { var = MkVar "lifetime claimable limit" }
                                    , md = []
                                    }
                                , arg = MkExp
                                    { exp = ELit
                                        { lit = ECurrency "USD" 4500000.0 }
                                    , md = []
                                    }
                                }
                            , md = []
                            }
                        , MkExp
                            { exp = EVarSet
                                { vsetVar = MkExp
                                    { exp = EVar
                                        { var = MkVar "juvenile limit" }
                                    , md = []
                                    }
                                , arg = MkExp
                                    { exp = ELit
                                        { lit = ECurrency "USD" 500000.0 }
                                    , md = []
                                    }
                                }
                            , md = []
                            }
                        ]
                    }
                , md = []
                }
            ]
        , globalVars = MkGlobalVars
            ( fromList
                [
                    ( MkVar "x"
                    , Just
                        ( L4EntityType "Number" )
                    )
                ,
                    ( MkVar "y"
                    , Just
                        ( L4EntityType "Number" )
                    )
                ,
                    ( MkVar "user input"
                    , Just
                        ( L4EntityType "Dictionary" )
                    )
                ,
                    ( MkVar "accident"
                    , Just
                        ( L4EntityType "Accident" )
                    )
                ,
                    ( MkVar "addBenefit"
                    , Just
                        ( L4EntityType "Number" )
                    )
                ,
                    ( MkVar "otherBenefits"
                    , Just
                        ( L4List
                            ( L4EntityType "Number" )
                        )
                    )
                ,
                    ( MkVar "total sum assured"
                    , Just
                        ( L4EntityType "Number" )
                    )
                ,
                    ( MkVar "policyHolder"
                    , Just
                        ( L4EntityType "PolicyHolder" )
                    )
                ,
                    ( MkVar "policy"
                    , Just
                        ( L4EntityType "Policy" )
                    )
                ,
                    ( MkVar "illness"
                    , Just
                        ( L4EntityType "Claim" )
                    )
                ]
            )
        , giveths =
            [ "The Answer"
            , "Step 4"
            , "How Much Money Do You Get"
            ]
        , userFuns = fromList
            [
                ( "discounted by"
                ,
                    (
                        [ MkVar "x"
                        , MkVar "y"
                        ]
                    , MkExp
                        { exp = ENumOp
                            { numOp = OpMul
                            , nopLeft = MkExp
                                { exp = EVar
                                    { var = MkVar "x" }
                                , md =
                                    [ MkExpMetadata
                                        { srcPos = MkPosition
                                            { row = 0
                                            , col = 0
                                            }
                                        , typeLabel = Just
                                            ( Inferred "Number" )
                                        , explnAnnot = Nothing
                                        }
                                    ]
                                }
                            , nopRight = MkExp
                                { exp = ENumOp
                                    { numOp = OpMinus
                                    , nopLeft = MkExp
                                        { exp = ELit
                                            { lit = EInteger 1 }
                                        , md =
                                            [ MkExpMetadata
                                                { srcPos = MkPosition
                                                    { row = 0
                                                    , col = 0
                                                    }
                                                , typeLabel = Just
                                                    ( Inferred "Number" )
                                                , explnAnnot = Nothing
                                                }
                                            ]
                                        }
                                    , nopRight = MkExp
                                        { exp = EVar
                                            { var = MkVar "y" }
                                        , md =
                                            [ MkExpMetadata
                                                { srcPos = MkPosition
                                                    { row = 0
                                                    , col = 0
                                                    }
                                                , typeLabel = Just
                                                    ( Inferred "Number" )
                                                , explnAnnot = Nothing
                                                }
                                            ]
                                        }
                                    }
                                , md =
                                    [ MkExpMetadata
                                        { srcPos = MkPosition
                                            { row = 0
                                            , col = 0
                                            }
                                        , typeLabel = Just
                                            ( Inferred "Number" )
                                        , explnAnnot = Nothing
                                        }
                                    ]
                                }
                            }
                        , md = []
                        }
                    )
                )
            ]
        }
    )