Right
    ( MkLCProgram
        { lcProgram =
            [ MkExp
                { exp = EVarSet
                    { vsetVar = MkExp
                        { exp = EVar
                            { var = MkVar "name of the book" }
                        , md =
                            [ MkExpMetadata
                                { srcPos = MkPosition
                                    { row = 1
                                    , col = 1
                                    }
                                , typeLabel = Just
                                    ( Inferred "String" )
                                , explnAnnot = Nothing
                                }
                            ]
                        }
                    , arg = MkExp
                        { exp = ELit
                            { lit = EString ""Perhaps the Stars"" }
                        , md =
                            [ MkExpMetadata
                                { srcPos = MkPosition
                                    { row = 1
                                    , col = 1
                                    }
                                , typeLabel = Just
                                    ( Inferred "String" )
                                , explnAnnot = Nothing
                                }
                            ]
                        }
                    }
                , md = []
                }
            ]
        , globalVars = MkGlobalVars
            ( fromList [] )
        , giveths = []
        , userFuns = fromList []
        }
    )