Right
    [ EVarSet
        { vsetVar = MkExp
            { exp = EVar
                { var = MkVar "Answer" }
            , md = []
            }
        , arg = MkExp
            { exp = EApp
                { func = MkExp
                    { exp = EApp
                        { func = MkExp
                            { exp = EVar
                                { var = MkVar "discounted by" }
                            , md =
                                [ MkExpMetadata
                                    { srcPos = MkPosition
                                        { row = 1
                                        , col = 1
                                        }
                                    , typeLabel = Nothing
                                    , explnAnnot = Nothing
                                    }
                                ]
                            }
                        , appArg = MkExp
                            { exp = EVar
                                { var = MkVar "Step 3" }
                            , md =
                                [ MkExpMetadata
                                    { srcPos = MkPosition
                                        { row = 1
                                        , col = 1
                                        }
                                    , typeLabel = Nothing
                                    , explnAnnot = Nothing
                                    }
                                ]
                            }
                        }
                    , md = []
                    }
                , appArg = MkExp
                    { exp = ERec
                        { fieldName = MkExp
                            { exp = EVar
                                { var = MkVar "risk cap" }
                            , md =
                                [ MkExpMetadata
                                    { srcPos = MkPosition
                                        { row = 1
                                        , col = 1
                                        }
                                    , typeLabel = Nothing
                                    , explnAnnot = Nothing
                                    }
                                ]
                            }
                        , recName = MkExp
                            { exp = EVar
                                { var = MkVar "accident" }
                            , md =
                                [ MkExpMetadata
                                    { srcPos = MkPosition
                                        { row = 1
                                        , col = 1
                                        }
                                    , typeLabel = Nothing
                                    , explnAnnot = Nothing
                                    }
                                ]
                            }
                        }
                    , md = []
                    }
                }
            , md = []
            }
        }
    ]