Left "Failed to rename program: Renamed the terms [RnExprName (RnName {rnOccName = MTT "x" :| [], rnUniqueId = 0, rnNameType = RnVariable}),RnExprName (RnName {rnOccName = MTT "g" :| [], rnUniqueId = 3, rnNameType = RnFunction}),RnExprName (RnName {rnOccName = MTT "x" :| [], rnUniqueId = 0, rnNameType = RnVariable})] but failed to determine the program structure."